2025-11-21 12:42:21,578 INFO [main] c.r.p.LogIn [LogIn.java:38] - 'admin' logged in.
2025-11-21 12:42:23,495 INFO [main] c.r.p.ManagerApplication [ManagerApplication.java:62] - Application quit.
2025-11-21 12:43:01,705 INFO [main] c.r.p.LogIn [LogIn.java:70] - Account created with username 'perryjamail'.
2025-11-21 12:43:11,973 INFO [main] c.r.p.LogIn [LogIn.java:38] - 'perryjamail' logged in.
2025-11-21 12:43:14,879 INFO [main] c.r.p.ManagerApplication [ManagerApplication.java:62] - Application quit.
2025-11-21 14:21:09,232 INFO [main] c.r.p.LogIn [LogIn.java:37] - 'admin' logged in.
2025-11-21 14:21:27,127 INFO [main] c.r.p.ManagerApplication [ManagerApplication.java:64] - Application quit.
2025-11-21 14:22:04,433 INFO [main] c.r.p.LogIn [LogIn.java:37] - 'admin' logged in.
2025-11-21 14:22:36,450 INFO [main] c.r.p.ManagerApplication [ManagerApplication.java:64] - Application quit.
2025-11-21 14:45:50,338 INFO [main] c.r.p.LogIn [LogIn.java:37] - 'admin' logged in.
2025-11-21 14:46:39,812 INFO [main] c.r.p.LogIn [LogIn.java:37] - 'admin' logged in.
2025-11-21 14:48:45,396 INFO [main] c.r.p.ManagerApplication [ManagerApplication.java:64] - Application quit.
2025-11-21 14:49:45,669 INFO [main] c.r.p.LogIn [LogIn.java:37] - 'admin' logged in.
2025-11-21 14:50:29,742 INFO [main] c.r.p.ManagerApplication [ManagerApplication.java:64] - Application quit.
2025-11-21 14:51:13,513 INFO [main] c.r.p.LogIn [LogIn.java:37] - 'admin' logged in.
2025-11-21 14:51:40,058 INFO [main] c.r.p.ManagerApplication [ManagerApplication.java:64] - Application quit.
2025-11-21 14:53:05,718 INFO [main] c.r.p.LogIn [LogIn.java:37] - 'admin' logged in.
2025-11-21 14:53:17,795 INFO [main] c.r.p.ManagerApplication [ManagerApplication.java:64] - Application quit.
2025-11-21 14:59:16,778 INFO [main] c.r.p.LogIn [LogIn.java:37] - 'admin' logged in.
2025-11-21 14:59:19,377 INFO [main] c.r.p.ManagerApplication [ManagerApplication.java:54] - admin has viewed all pending expenses.
2025-11-21 14:59:33,556 INFO [main] c.r.p.ManagerApplication [ManagerApplication.java:64] - Application quit.
2025-11-21 15:01:09,864 INFO [main] c.r.p.LogIn [LogIn.java:37] - 'admin' logged in.
2025-11-21 15:01:14,204 INFO [main] c.r.p.ManagerApplication [ManagerApplication.java:54] - 'admin' has viewed all pending expenses.
2025-11-21 15:01:54,310 INFO [main] c.r.p.ManagerApplication [ManagerApplication.java:64] - Application quit.
2025-11-21 18:10:31,995 INFO [main] c.r.p.LogIn [LogIn.java:37] - 'admin' logged in.
2025-11-21 18:10:36,257 INFO [main] c.r.p.ManagerApplication [ManagerApplication.java:55] - 'admin' has viewed all pending expenses.
2025-11-21 18:17:33,912 INFO [main] c.r.p.LogIn [LogIn.java:37] - 'admin' logged in.
2025-11-21 18:17:35,823 INFO [main] c.r.p.ManagerApplication [ManagerApplication.java:55] - 'admin' has viewed all pending expenses.
2025-11-21 18:18:14,590 INFO [main] c.r.p.ManagerApplication [ManagerApplication.java:66] - Application quit.
2025-11-21 18:22:00,920 INFO [main] c.r.p.LogIn [LogIn.java:37] - 'admin' logged in.
2025-11-21 18:22:05,516 INFO [main] c.r.p.ManagerApplication [ManagerApplication.java:55] - 'admin' has viewed all pending expenses.
2025-11-21 18:24:08,588 INFO [main] c.r.p.ManagerApplication [ManagerApplication.java:55] - 'admin' has viewed all pending expenses.
2025-11-21 18:24:22,497 INFO [main] c.r.p.ManagerApplication [ManagerApplication.java:66] - Application quit.
2025-11-21 18:27:31,849 INFO [main] c.r.p.LogIn [LogIn.java:37] - 'admin' logged in.
2025-11-21 18:27:35,073 INFO [main] c.r.p.ManagerApplication [ManagerApplication.java:55] - 'admin' has viewed all pending expenses.
2025-11-21 18:30:39,439 INFO [main] c.r.p.LogIn [LogIn.java:37] - 'admin' logged in.
2025-11-21 18:30:59,106 INFO [main] c.r.p.ManagerApplication [ManagerApplication.java:55] - 'admin' has viewed all pending expenses.
2025-11-21 18:33:13,458 WARN [main] c.r.p.LogIn [LogIn.java:41] - Unsuccessful login attempt for account 'admin'.
2025-11-21 18:33:18,129 INFO [main] c.r.p.LogIn [LogIn.java:37] - 'admin' logged in.
2025-11-21 18:33:19,721 INFO [main] c.r.p.ManagerApplication [ManagerApplication.java:55] - 'admin' has viewed all pending expenses.
2025-11-21 18:33:56,098 INFO [main] c.r.p.ManagerApplication [ManagerApplication.java:66] - Application quit.
2025-11-21 18:40:37,401 INFO [main] c.r.p.LogIn [LogIn.java:37] - 'admin' logged in.
2025-11-21 18:40:39,462 INFO [main] c.r.p.ManagerApplication [ManagerApplication.java:55] - 'admin' has viewed all pending expenses.
2025-11-21 18:41:25,609 INFO [main] c.r.p.ManagerApplication [ManagerApplication.java:66] - Application quit.
2025-11-21 18:42:00,646 INFO [main] c.r.p.LogIn [LogIn.java:37] - 'admin' logged in.
2025-11-21 18:42:01,976 INFO [main] c.r.p.ManagerApplication [ManagerApplication.java:55] - 'admin' has viewed all pending expenses.
2025-11-21 18:42:40,507 INFO [main] c.r.p.ManagerApplication [ManagerApplication.java:66] - Application quit.
2025-11-21 18:43:40,398 INFO [main] c.r.p.LogIn [LogIn.java:37] - 'admin' logged in.
2025-11-21 18:43:43,057 INFO [main] c.r.p.ManagerApplication [ManagerApplication.java:55] - 'admin' has viewed all pending expenses.
2025-11-21 18:45:31,954 INFO [main] c.r.p.LogIn [LogIn.java:37] - 'admin' logged in.
2025-11-21 18:45:33,983 INFO [main] c.r.p.ManagerApplication [ManagerApplication.java:55] - 'admin' has viewed all pending expenses.
2025-11-21 18:46:48,340 INFO [main] c.r.p.ManagerApplication [ManagerApplication.java:55] - 'admin' has viewed all pending expenses.
2025-11-21 18:46:55,938 INFO [main] c.r.p.ManagerApplication [ManagerApplication.java:66] - Application quit.
2025-11-21 18:51:37,213 INFO [main] c.r.p.LogIn [LogIn.java:37] - 'admin' logged in.
2025-11-21 18:51:38,006 INFO [main] c.r.p.ManagerApplication [ManagerApplication.java:55] - 'admin' has viewed all pending expenses.
2025-11-21 18:52:31,895 INFO [main] c.r.p.ManagerApplication [ManagerApplication.java:55] - 'admin' has viewed all pending expenses.
2025-11-21 18:53:07,638 INFO [main] c.r.p.ManagerApplication [ManagerApplication.java:66] - Application quit.
2025-11-21 18:54:22,756 INFO [main] c.r.p.LogIn [LogIn.java:37] - 'admin' logged in.
2025-11-21 18:54:25,291 INFO [main] c.r.p.ManagerApplication [ManagerApplication.java:55] - 'admin' has viewed all pending expenses.
2025-11-21 20:21:27,007 INFO [main] c.r.p.LogIn [LogIn.java:37] - 'admin' logged in.
2025-11-21 20:21:29,716 INFO [main] c.r.p.ManagerApplication [ManagerApplication.java:55] - 'admin' has viewed all pending expenses.
2025-11-21 20:21:56,427 INFO [main] c.r.p.ManagerApplication [ManagerApplication.java:66] - Application quit.
2025-11-21 20:22:06,494 INFO [main] c.r.p.LogIn [LogIn.java:37] - 'admin' logged in.
2025-11-21 20:22:08,389 INFO [main] c.r.p.ManagerApplication [ManagerApplication.java:55] - 'admin' has viewed all pending expenses.
2025-11-21 20:24:28,866 INFO [main] c.r.p.LogIn [LogIn.java:37] - 'admin' logged in.
2025-11-21 20:24:32,152 INFO [main] c.r.p.ManagerApplication [ManagerApplication.java:55] - 'admin' has viewed all pending expenses.
2025-11-21 20:25:48,438 INFO [main] c.r.p.ManagerApplication [ManagerApplication.java:55] - 'admin' has viewed all pending expenses.
2025-11-21 20:25:55,322 INFO [main] c.r.p.ManagerApplication [ManagerApplication.java:66] - Application quit.
2025-11-21 20:39:39,278 INFO [main] c.r.p.LogIn [LogIn.java:37] - 'kenzierose' logged in.
2025-11-21 20:39:47,380 INFO [main] c.r.p.ManagerApplication [ManagerApplication.java:55] - 'kenzierose' has viewed all pending expenses.
2025-11-21 20:41:17,934 INFO [main] c.r.p.ApproveDenyPending [ApproveDenyPending.java:97] - 'kenzierose' has denied 'test2' submitted by 'test'.
2025-11-21 20:41:26,649 INFO [main] c.r.p.ManagerApplication [ManagerApplication.java:55] - 'kenzierose' has viewed all pending expenses.
2025-11-21 20:41:47,023 INFO [main] c.r.p.ManagerApplication [ManagerApplication.java:65] - Application quit.
2025-11-21 20:44:01,423 INFO [main] c.r.p.LogIn [LogIn.java:37] - 'kenzierose' logged in.
2025-11-21 20:44:11,282 INFO [main] c.r.p.ManagerApplication [ManagerApplication.java:55] - 'kenzierose' has viewed all pending expenses.
2025-11-21 20:44:39,829 INFO [main] c.r.p.ApproveDenyPending [ApproveDenyPending.java:94] - 'kenzierose' has approved 'expense30' submitted by 'test'.
2025-11-21 20:44:42,988 INFO [main] c.r.p.ManagerApplication [ManagerApplication.java:65] - Application quit.
2025-11-21 20:48:27,015 INFO [main] c.r.p.LogIn [LogIn.java:37] - 'perryjamail' logged in.
2025-11-21 20:48:34,979 INFO [main] c.r.p.ManagerApplication [ManagerApplication.java:55] - 'perryjamail' has viewed all pending expenses.
2025-11-21 20:49:19,037 INFO [main] c.r.p.ApproveDenyPending [ApproveDenyPending.java:97] - 'perryjamail' has denied 'expense5' submitted by 'kenzierose'.
2025-11-21 20:49:32,573 INFO [main] c.r.p.ManagerApplication [ManagerApplication.java:65] - Application quit.
2025-11-22 22:12:53,809 INFO [main] c.r.p.LogIn [LogIn.java:37] - 'admin' logged in.
2025-11-22 22:13:29,490 INFO [main] c.r.p.GenerateReport [GenerateReport.java:63] - 'admin' generated an approved expenses report by employee username 'kenzierose'.
2025-11-22 22:13:49,588 INFO [main] c.r.p.ManagerApplication [ManagerApplication.java:67] - Application quit.
2025-11-22 22:17:04,732 INFO [main] c.r.p.LogIn [LogIn.java:37] - 'admin' logged in.
2025-11-22 22:17:21,052 INFO [main] c.r.p.GenerateReport [GenerateReport.java:64] - 'admin' generated an approved expenses report by employee username 'perryjamail'.
2025-11-22 22:17:35,373 INFO [main] c.r.p.GenerateReport [GenerateReport.java:64] - 'admin' generated an approved expenses report by employee username 'admin'.
2025-11-22 22:18:09,244 INFO [main] c.r.p.GenerateReport [GenerateReport.java:85] - 'admin' generated an approved expenses report by category 'Personal'.
2025-11-22 22:20:11,584 INFO [main] c.r.p.ManagerApplication [ManagerApplication.java:67] - Application quit.
2025-11-22 22:22:25,317 INFO [main] c.r.p.LogIn [LogIn.java:37] - 'admin' logged in.
2025-11-22 22:23:16,959 INFO [main] c.r.p.GenerateReport [GenerateReport.java:64] - 'admin' generated an approved expenses report by employee username 'test'.
2025-11-22 22:24:02,471 INFO [main] c.r.p.GenerateReport [GenerateReport.java:106] - 'admin' generated an approved expenses report by expense date '2025-11-13'.
2025-11-22 22:24:55,631 INFO [main] c.r.p.ManagerApplication [ManagerApplication.java:67] - Application quit.
2025-11-22 22:37:35,105 INFO [main] c.r.p.LogIn [LogIn.java:37] - 'admin' logged in.
2025-11-22 22:38:03,977 INFO [main] c.r.p.GenerateReport [GenerateReport.java:153] - 'admin' generated an approved expenses report by expense date '2025-11-13'.
2025-11-22 22:38:35,425 INFO [main] c.r.p.ManagerApplication [ManagerApplication.java:67] - Application quit.
2025-11-22 22:44:16,068 INFO [main] c.r.p.LogIn [LogIn.java:37] - 'admin' logged in.
2025-11-22 22:44:21,551 INFO [main] c.r.p.GenerateReport [GenerateReport.java:65] - 'admin' generated an approved expenses report of all approved expenses.
2025-11-22 22:44:55,443 INFO [main] c.r.p.GenerateReport [GenerateReport.java:173] - 'admin' generated an approved expenses report by expense date '2025-11-21'.
2025-11-22 22:45:26,455 INFO [main] c.r.p.GenerateReport [GenerateReport.java:86] - 'admin' generated an approved expenses report by employee username 'kenzierose'.
2025-11-22 22:46:04,921 INFO [main] c.r.p.GenerateReport [GenerateReport.java:107] - 'admin' generated an approved expenses report by category 'Entertainment'.
2025-11-22 22:46:11,190 INFO [main] c.r.p.ManagerApplication [ManagerApplication.java:67] - Application quit.
2025-11-22 22:57:51,590 WARN [main] c.r.p.LogIn [LogIn.java:41] - Unsuccessful login attempt for account 'kenzierose'.
2025-11-22 22:58:00,587 INFO [main] c.r.p.LogIn [LogIn.java:37] - 'kenzierose' logged in.
2025-11-22 22:58:10,651 INFO [main] c.r.p.ManagerApplication [ManagerApplication.java:56] - 'kenzierose' has viewed all pending expenses.
2025-11-22 22:59:22,567 INFO [main] c.r.p.ApproveDenyPending [ApproveDenyPending.java:84] - 'kenzierose' has approved 'test' submitted by 'harper'.
2025-11-22 22:59:27,441 INFO [main] c.r.p.ManagerApplication [ManagerApplication.java:56] - 'kenzierose' has viewed all pending expenses.
2025-11-22 22:59:49,147 INFO [main] c.r.p.GenerateReport [GenerateReport.java:63] - 'kenzierose' generated an approved expenses report of all approved expenses.
2025-11-22 23:00:15,995 INFO [main] c.r.p.GenerateReport [GenerateReport.java:84] - 'kenzierose' generated an approved expenses report by employee username 'harper'.
2025-11-22 23:00:37,345 INFO [main] c.r.p.GenerateReport [GenerateReport.java:84] - 'kenzierose' generated an approved expenses report by employee username 'kenzierose'.
2025-11-22 23:01:38,615 INFO [main] c.r.p.GenerateReport [GenerateReport.java:137] - 'kenzierose' generated an approved expenses report by expense date '2025-11-12'.
2025-11-22 23:01:52,608 INFO [main] c.r.p.GenerateReport [GenerateReport.java:105] - 'kenzierose' generated an approved expenses report by category 'Entertainment'.
2025-11-22 23:02:17,244 INFO [main] c.r.p.GenerateReport [GenerateReport.java:84] - 'kenzierose' generated an approved expenses report by employee username 'test'.
2025-11-22 23:02:34,269 INFO [main] c.r.p.GenerateReport [GenerateReport.java:137] - 'kenzierose' generated an approved expenses report by expense date '20142302'.
2025-11-22 23:03:06,974 INFO [main] c.r.p.GenerateReport [GenerateReport.java:105] - 'kenzierose' generated an approved expenses report by category 'Necessities'.
2025-11-22 23:03:41,543 INFO [main] c.r.p.ManagerApplication [ManagerApplication.java:66] - Application quit.
2025-11-25 18:04:45,265 INFO [main] c.r.d.d.Login [Login.java:98] - Application quit.
2025-11-25 18:05:28,195 WARN [main] c.r.d.d.Login [Login.java:101] - Duplicate account creation attempted for 'admin'.
2025-11-25 18:14:31,424 INFO [main] c.r.d.d.Login [Login.java:110] - Account created with username 'admin'.
2025-11-25 18:14:42,112 INFO [main] c.r.d.d.Login [Login.java:53] - 'admin' logged in.
2025-11-25 18:14:45,856 INFO [main] c.r.d.Main [Main.java:78] - Application quit.
2025-11-25 18:16:17,189 INFO [main] c.r.d.d.Login [Login.java:53] - 'admin' logged in.
2025-11-25 18:16:20,435 INFO [main] c.r.d.Main [Main.java:78] - Application quit.
2025-11-25 18:16:40,197 WARN [main] c.r.d.d.Login [Login.java:57] - Unsuccessful login attempt for account 'admin'.
2025-11-25 18:16:47,476 INFO [main] c.r.d.d.Login [Login.java:53] - 'admin' logged in.
2025-11-25 18:16:54,668 INFO [main] c.r.d.Main [Main.java:78] - Application quit.
2025-11-25 18:33:00,826 INFO [main] c.r.d.d.Login [Login.java:53] - 'admin' logged in.
2025-11-25 18:34:44,861 INFO [main] c.r.d.d.Login [Login.java:53] - 'admin' logged in.
2025-11-25 18:35:05,388 INFO [main] c.r.d.Main [Main.java:83] - Application quit.
2025-11-25 19:14:30,948 INFO [main] c.r.d.d.Login [Login.java:53] - 'admin' logged in.
2025-11-25 19:14:52,186 INFO [main] c.r.d.Main [Main.java:84] - Application quit.
2025-11-25 19:38:11,786 INFO [main] c.r.d.d.Login [Login.java:53] - 'admin' logged in.
2025-11-25 19:39:06,290 INFO [main] c.r.d.Main [Main.java:84] - Application quit.
2025-11-25 22:39:18,862 INFO [main] c.r.d.Login [Login.java:53] - 'admin' logged in.
2025-11-25 22:39:21,053 INFO [main] c.r.d.Main [Main.java:83] - Application quit.
2025-11-25 23:02:15,136 INFO [main] c.r.d.Login [Login.java:53] - 'admin' logged in.
2025-11-25 23:06:58,486 INFO [main] c.r.d.Login [Login.java:53] - 'admin' logged in.
2025-11-26 10:03:17,926 INFO [main] c.r.d.Login [Login.java:53] - 'admin' logged in.
2025-11-26 10:04:32,007 INFO [main] c.r.d.Main [Main.java:85] - Application quit.
2025-11-26 10:06:21,214 INFO [main] c.r.d.Login [Login.java:53] - 'admin' logged in.
2025-11-26 10:09:29,885 INFO [main] c.r.d.Login [Login.java:53] - 'admin' logged in.
2025-11-26 10:10:38,571 INFO [main] c.r.d.Login [Login.java:53] - 'admin' logged in.
2025-11-26 10:11:25,228 INFO [main] c.r.d.Main [Main.java:84] - Application quit.
2025-11-26 11:20:56,997 INFO [main] c.r.d.Login [Login.java:53] - 'admin' logged in.
2025-11-26 11:22:21,670 INFO [main] c.r.d.Main [Main.java:76] - Application quit.
2025-11-26 11:28:40,982 INFO [main] c.r.d.Login [Login.java:53] - 'admin' logged in.
2025-11-26 11:29:13,628 INFO [main] c.r.d.Main [Main.java:76] - Application quit.
2025-11-26 11:31:15,047 INFO [main] c.r.d.Login [Login.java:53] - 'admin' logged in.
2025-11-26 11:32:36,707 INFO [main] c.r.d.Main [Main.java:76] - Application quit.
2025-11-26 11:36:26,235 INFO [main] c.r.d.Login [Login.java:53] - 'admin' logged in.
2025-11-26 11:37:57,722 INFO [main] c.r.d.Main [Main.java:76] - Application quit.
2025-11-26 11:39:15,765 INFO [main] c.r.d.Login [Login.java:53] - 'admin' logged in.
2025-11-26 11:40:18,171 INFO [main] c.r.d.Main [Main.java:76] - Application quit.
2025-11-26 11:59:49,740 INFO [main] c.r.d.Login [Login.java:53] - 'admin' logged in.
2025-11-26 12:03:02,230 INFO [main] c.r.d.Login [Login.java:53] - 'admin' logged in.
2025-11-26 12:05:14,764 INFO [main] c.r.d.Login [Login.java:53] - 'admin' logged in.
2025-11-26 12:05:43,604 INFO [main] c.r.d.Login [Login.java:53] - 'admin' logged in.
2025-11-26 12:06:55,449 INFO [main] c.r.d.Login [Login.java:53] - 'admin' logged in.
2025-11-26 12:07:09,336 WARN [main] c.r.d.s.ManagerFuncServiceImpl [ManagerFuncServiceImpl.java:31] - 'admin' attempted to approve expense with the ID '17', but not pending expense exists with that ID.
2025-11-26 12:07:19,173 INFO [main] c.r.d.Main [Main.java:80] - Application quit.
2025-11-26 12:08:51,013 INFO [main] c.r.d.Login [Login.java:53] - 'admin' logged in.
2025-11-26 12:08:59,070 WARN [main] c.r.d.s.ManagerFuncServiceImpl [ManagerFuncServiceImpl.java:31] - 'admin' attempted to approve expense with the ID '1', but not pending expense exists with that ID.
2025-11-26 12:09:08,647 WARN [main] c.r.d.s.ManagerFuncServiceImpl [ManagerFuncServiceImpl.java:54] - 'admin' attempted to deny expense with the ID '2', but not pending expense exists with that ID.
2025-11-26 12:09:12,166 INFO [main] c.r.d.Main [Main.java:80] - Application quit.
2025-11-26 13:33:41,453 INFO [main] c.r.d.Login [Login.java:47] - 'admin' logged in.
2025-11-26 13:33:43,877 INFO [main] c.r.d.Main [Main.java:82] - Application quit.
2025-11-26 13:33:58,607 WARN [main] c.r.d.Login [Login.java:51] - Unsuccessful login attempt for account 'admin'.
2025-11-26 13:34:07,399 INFO [main] c.r.d.Login [Login.java:91] - Application quit.
2025-11-26 13:36:27,479 WARN [main] c.r.d.Login [Login.java:51] - Unsuccessful login attempt for account 'admin'.
2025-11-26 13:36:31,384 INFO [main] c.r.d.Login [Login.java:91] - Application quit.
2025-11-26 13:44:30,606 INFO [main] c.r.d.Login [Login.java:86] - Account created with username 'harperj'.
2025-11-26 13:44:43,898 INFO [main] c.r.d.Login [Login.java:59] - Application quit.
2025-11-26 13:45:06,588 INFO [main] c.r.d.Login [Login.java:59] - Application quit.
2025-11-26 13:46:27,420 INFO [main] c.r.d.Login [Login.java:85] - Account created with username 'harperj'.
2025-11-26 13:46:36,671 INFO [main] c.r.d.Login [Login.java:47] - 'harperj' logged in.
2025-11-26 13:46:46,803 INFO [main] c.r.d.Main [Main.java:82] - Application quit.
2025-11-26 13:47:23,607 INFO [main] c.r.d.Login [Login.java:59] - Application quit.
2025-11-26 13:49:18,728 INFO [main] c.r.d.Login [Login.java:47] - 'admin' logged in.
2025-11-26 13:49:23,104 INFO [main] c.r.d.Main [Main.java:82] - Application quit.
2025-11-26 13:50:05,676 INFO [main] c.r.d.Login [Login.java:85] - Account created with username 'harper'.
2025-11-26 13:50:14,946 INFO [main] c.r.d.Login [Login.java:47] - 'harper' logged in.
2025-11-26 13:50:17,162 INFO [main] c.r.d.Main [Main.java:82] - Application quit.
2025-11-26 13:50:30,691 INFO [main] c.r.d.Login [Login.java:59] - Application quit.
2025-11-26 13:57:34,281 INFO [main] c.r.d.Login [Login.java:59] - Application quit.
2025-11-26 13:57:45,454 INFO [main] c.r.d.Login [Login.java:85] - Account created with username 'admin'.
2025-11-26 13:57:48,650 INFO [main] c.r.d.Login [Login.java:47] - 'admin' logged in.
2025-11-26 13:57:50,485 INFO [main] c.r.d.Main [Main.java:82] - Application quit.
2025-11-26 13:58:09,246 INFO [main] c.r.d.Login [Login.java:59] - Application quit.
2025-11-26 14:00:21,675 INFO [main] c.r.d.Login [Login.java:86] - Account created with username 'admin'.
2025-11-26 14:00:28,641 INFO [main] c.r.d.Login [Login.java:59] - Application quit.
2025-11-26 14:01:48,326 INFO [main] c.r.d.Login [Login.java:87] - Account created with username 'admin'.
2025-11-26 14:01:54,082 INFO [main] c.r.d.Login [Login.java:60] - Application quit.
2025-11-26 14:02:25,899 INFO [main] c.r.d.Login [Login.java:85] - Account created with username 'admin'.
2025-11-26 14:02:30,996 INFO [main] c.r.d.Login [Login.java:47] - 'admin' logged in.
2025-11-26 14:02:33,134 INFO [main] c.r.d.Main [Main.java:82] - Application quit.
2025-11-26 14:03:08,609 INFO [main] c.r.d.Login [Login.java:59] - Application quit.
2025-11-26 14:03:17,168 INFO [main] c.r.d.Login [Login.java:85] - Account created with username 'admin'.
2025-11-26 14:03:20,458 INFO [main] c.r.d.Login [Login.java:47] - 'admin' logged in.
2025-11-26 14:03:22,968 INFO [main] c.r.d.Main [Main.java:82] - Application quit.
2025-11-26 14:03:33,299 INFO [main] c.r.d.Login [Login.java:59] - Application quit.
2025-11-26 14:19:34,751 INFO [main] c.r.d.Login [Login.java:89] - Account created with username 'harperj'.
2025-11-26 14:19:44,762 INFO [main] c.r.d.Login [Login.java:47] - 'harperj' logged in.
2025-11-26 14:19:47,370 INFO [main] c.r.d.Main [Main.java:82] - Application quit.
2025-11-26 14:20:01,261 INFO [main] c.r.d.Login [Login.java:47] - 'harperj' logged in.
2025-11-26 14:20:09,535 INFO [main] c.r.d.Main [Main.java:82] - Application quit.
2025-11-26 14:20:52,309 INFO [main] c.r.d.Login [Login.java:90] - Account created with username 'admin'.
2025-11-26 14:21:03,920 INFO [main] c.r.d.Login [Login.java:47] - 'admin' logged in.
2025-11-26 14:21:06,478 INFO [main] c.r.d.Main [Main.java:82] - Application quit.
2025-11-26 14:21:16,043 INFO [main] c.r.d.Login [Login.java:47] - 'admin' logged in.
2025-11-26 14:21:20,027 INFO [main] c.r.d.Main [Main.java:82] - Application quit.
2025-11-27 17:27:25,993 INFO [main] c.r.d.Login [Login.java:39] - 'admin' logged in.
2025-11-27 17:27:56,160 INFO [main] c.r.d.GenerateReport [GenerateReport.java:26] - 'admin' generated a report of all approved expenses.
2025-11-27 17:28:01,163 INFO [main] c.r.d.Main [Main.java:80] - Application quit.
2025-11-27 17:28:51,314 INFO [main] c.r.d.Login [Login.java:39] - 'admin' logged in.
2025-11-27 17:29:02,635 WARN [main] c.r.d.s.ManagerFuncServiceImpl [ManagerFuncServiceImpl.java:31] - 'admin' attempted to approve expense with the ID '1', but not pending expense exists with that ID.
2025-11-27 17:29:11,025 INFO [main] c.r.d.GenerateReport [GenerateReport.java:26] - 'admin' generated a report of all approved expenses.
2025-11-27 17:29:36,465 INFO [main] c.r.d.GenerateReport [GenerateReport.java:38] - 'admin' generated a report of all approved expenses under the category 'travel'.
2025-11-27 17:29:51,244 INFO [main] c.r.d.Main [Main.java:80] - Application quit.
2025-11-29 18:38:41,723 INFO [main] c.r.d.Login [Login.java:39] - 'admin' logged in.
2025-11-29 18:38:52,304 INFO [main] c.r.d.Main [Main.java:68] - 'admin' viewed all pending expenses.
2025-11-29 18:39:16,377 INFO [main] c.r.d.GenerateReport [GenerateReport.java:26] - 'admin' generated a report of all approved expenses.
2025-11-29 18:39:34,482 INFO [main] c.r.d.Main [Main.java:80] - Application quit.
2025-11-29 19:30:30,601 INFO [main] c.r.d.Login [Login.java:81] - Account created with username 'AmaraAnn'.
2025-11-29 19:30:54,377 INFO [main] c.r.d.Login [Login.java:39] - 'AmaraAnn' logged in.
2025-11-29 19:31:21,612 INFO [main] c.r.d.Main [Main.java:68] - 'AmaraAnn' viewed all pending expenses.
2025-11-29 19:32:58,645 INFO [main] c.r.d.d.ManagerFuncJDBCImpl [ManagerFuncJDBCImpl.java:24] - 'AmaraAnn' approved pending expense with ID '10'.
2025-11-29 19:33:23,663 INFO [main] c.r.d.Main [Main.java:68] - 'AmaraAnn' viewed all pending expenses.
2025-11-29 19:34:02,506 INFO [main] c.r.d.d.ManagerFuncJDBCImpl [ManagerFuncJDBCImpl.java:39] - 'AmaraAnn' denied pending expense with ID '9'.
2025-11-29 19:34:07,762 INFO [main] c.r.d.Main [Main.java:68] - 'AmaraAnn' viewed all pending expenses.
2025-11-29 19:34:23,917 INFO [main] c.r.d.GenerateReport [GenerateReport.java:26] - 'AmaraAnn' generated a report of all approved expenses.
2025-11-29 19:34:53,061 INFO [main] c.r.d.GenerateReport [GenerateReport.java:32] - 'AmaraAnn' generated a report of all approved expenses under the employee with ID '4'.
2025-11-29 19:35:17,143 INFO [main] c.r.d.GenerateReport [GenerateReport.java:38] - 'AmaraAnn' generated a report of all approved expenses under the category 'Business'.
2025-11-29 19:35:34,477 INFO [main] c.r.d.GenerateReport [GenerateReport.java:38] - 'AmaraAnn' generated a report of all approved expenses under the category 'Travel'.
2025-11-29 19:36:08,282 INFO [main] c.r.d.GenerateReport [GenerateReport.java:44] - 'AmaraAnn' generated a report of all approved expenses under the date '2025-11-29'.
2025-11-29 19:39:08,327 INFO [main] c.r.d.Main [Main.java:80] - Application quit.
2025-11-29 20:36:23,787 INFO [main] c.r.d.Login [Login.java:39] - 'admin' logged in.
2025-11-29 20:36:37,221 INFO [main] c.r.d.GenerateReport [GenerateReport.java:27] - 'admin' generated a report of all expenses.
2025-11-29 20:36:59,865 INFO [main] c.r.d.Main [Main.java:80] - Application quit.
2025-11-29 20:40:20,898 INFO [main] c.r.d.Login [Login.java:39] - 'admin' logged in.
2025-11-29 20:41:20,554 INFO [main] c.r.d.Main [Main.java:80] - Application quit.
2025-11-29 20:41:32,101 INFO [main] c.r.d.Login [Login.java:39] - 'admin' logged in.
2025-11-29 20:42:04,473 INFO [main] c.r.d.GenerateReport [GenerateReport.java:27] - 'admin' generated a report of all expenses.
2025-11-29 20:42:39,256 INFO [main] c.r.d.GenerateReport [GenerateReport.java:31] - 'admin' generated a report of all approved expenses.
2025-11-29 20:42:49,768 INFO [main] c.r.d.GenerateReport [GenerateReport.java:35] - 'admin' generated a report of all denied expenses.
2025-11-29 20:42:58,257 INFO [main] c.r.d.GenerateReport [GenerateReport.java:39] - 'admin' generated a report of all pending expenses.
2025-11-29 20:43:12,833 INFO [main] c.r.d.GenerateReport [GenerateReport.java:45] - 'admin' generated a report of all expenses under the employee with ID '3'.
2025-11-29 20:43:47,219 INFO [main] c.r.d.GenerateReport [GenerateReport.java:51] - 'admin' generated a report of all expenses under the category 'Tech'.
2025-11-29 20:49:08,146 INFO [main] c.r.d.GenerateReport [GenerateReport.java:57] - 'admin' generated a report of all expenses under the date '2025-11-29'.
2025-11-29 20:51:48,573 INFO [main] c.r.d.Login [Login.java:39] - 'admin' logged in.
2025-11-29 20:51:54,424 INFO [main] c.r.d.GenerateReport [GenerateReport.java:27] - 'admin' generated a report of all expenses.
2025-11-29 20:52:02,188 INFO [main] c.r.d.GenerateReport [GenerateReport.java:31] - 'admin' generated a report of all approved expenses.
2025-11-29 20:52:06,364 INFO [main] c.r.d.GenerateReport [GenerateReport.java:35] - 'admin' generated a report of all denied expenses.
2025-11-29 20:52:10,876 INFO [main] c.r.d.GenerateReport [GenerateReport.java:39] - 'admin' generated a report of all pending expenses.
2025-11-29 20:52:18,537 INFO [main] c.r.d.GenerateReport [GenerateReport.java:45] - 'admin' generated a report of all expenses under the employee with ID '1'.
2025-11-29 20:52:32,321 INFO [main] c.r.d.GenerateReport [GenerateReport.java:51] - 'admin' generated a report of all expenses under the category 'Tech'.
2025-11-29 20:53:08,209 INFO [main] c.r.d.GenerateReport [GenerateReport.java:57] - 'admin' generated a report of all expenses under the date '2025-11-26'.
2025-11-29 20:53:19,501 INFO [main] c.r.d.Main [Main.java:80] - Application quit.
2025-11-29 21:04:24,539 INFO [main] c.r.d.Main [Main.java:79] - Application quit.
2025-11-29 21:06:08,069 WARN [main] c.r.d.Login [Login.java:42] - Unsuccessful login attempt for account 'admin'.
2025-11-29 21:06:18,733 INFO [main] c.r.d.Login [Login.java:38] - 'admin' logged in.
2025-11-29 21:38:36,078 INFO [main] c.r.d.Login [Login.java:39] - 'AmaraAnn' logged in.
2025-11-29 21:38:51,160 INFO [main] c.r.d.GenerateReport [GenerateReport.java:27] - 'AmaraAnn' generated a report of all expenses.
2025-11-29 21:39:17,265 INFO [main] c.r.d.GenerateReport [GenerateReport.java:39] - 'AmaraAnn' generated a report of all pending expenses.
2025-11-29 21:39:33,201 INFO [main] c.r.d.GenerateReport [GenerateReport.java:31] - 'AmaraAnn' generated a report of all approved expenses.
2025-11-29 21:39:44,454 INFO [main] c.r.d.GenerateReport [GenerateReport.java:35] - 'AmaraAnn' generated a report of all denied expenses.
2025-11-29 21:40:12,120 INFO [main] c.r.d.Main [Main.java:79] - Application quit.
2025-11-30 20:28:07,986 INFO [main] c.r.d.Login [Login.java:39] - 'AmaraAnn' logged in.
2025-11-30 20:28:13,967 INFO [main] c.r.d.Main [Main.java:67] - 'AmaraAnn' viewed all pending expenses.
2025-11-30 20:29:00,915 INFO [main] c.r.d.Main [Main.java:67] - 'AmaraAnn' viewed all pending expenses.
2025-11-30 20:30:19,958 INFO [main] c.r.d.d.ManagerFuncJDBCImpl [ManagerFuncJDBCImpl.java:24] - 'AmaraAnn' approved pending expense with ID '15'.
2025-11-30 20:30:23,538 INFO [main] c.r.d.Main [Main.java:67] - 'AmaraAnn' viewed all pending expenses.
2025-11-30 20:31:47,989 INFO [main] c.r.d.GenerateReport [GenerateReport.java:45] - 'AmaraAnn' generated a report of all expenses under the employee with ID '4'.
2025-11-30 20:32:06,529 INFO [main] c.r.d.GenerateReport [GenerateReport.java:39] - 'AmaraAnn' generated a report of all pending expenses.
2025-11-30 20:34:02,486 INFO [main] c.r.d.Main [Main.java:79] - Application quit.
2025-12-01 16:58:13,592 INFO [main] c.r.d.Login [Login.java:39] - 'admin' logged in.
2025-12-01 16:58:24,663 INFO [main] c.r.d.GenerateReport [GenerateReport.java:28] - 'admin' generated a report of all expenses.
2025-12-01 17:01:02,203 INFO [main] c.r.d.Main [Main.java:79] - Application quit.
2025-12-01 17:01:58,949 INFO [main] c.r.d.Login [Login.java:39] - 'admin' logged in.
2025-12-01 17:02:04,654 INFO [main] c.r.d.GenerateReport [GenerateReport.java:28] - 'admin' generated a report of all expenses.
2025-12-01 17:02:37,836 INFO [main] c.r.d.Main [Main.java:79] - Application quit.
2025-12-01 17:03:36,110 INFO [main] c.r.d.Login [Login.java:39] - 'admin' logged in.
2025-12-01 17:03:40,277 INFO [main] c.r.d.GenerateReport [GenerateReport.java:28] - 'admin' generated a report of all expenses.
2025-12-01 17:04:59,480 INFO [main] c.r.d.Main [Main.java:79] - Application quit.
2025-12-01 17:05:12,098 INFO [main] c.r.d.Login [Login.java:39] - 'admin' logged in.
2025-12-01 17:05:17,735 INFO [main] c.r.d.GenerateReport [GenerateReport.java:28] - 'admin' generated a report of all expenses.
2025-12-01 17:05:40,351 INFO [main] c.r.d.Main [Main.java:79] - Application quit.
2025-12-01 17:15:39,489 INFO [main] c.r.d.Login [Login.java:39] - 'admin' logged in.
2025-12-01 17:15:44,544 INFO [main] c.r.d.GenerateReport [GenerateReport.java:28] - 'admin' generated a report of all expenses.
2025-12-01 17:16:17,231 INFO [main] c.r.d.GenerateReport [GenerateReport.java:32] - 'admin' generated a report of all approved expenses.
2025-12-01 17:16:23,479 INFO [main] c.r.d.Main [Main.java:79] - Application quit.
2025-12-01 17:18:07,453 INFO [main] c.r.d.Login [Login.java:39] - 'admin' logged in.
2025-12-01 17:18:14,079 INFO [main] c.r.d.GenerateReport [GenerateReport.java:28] - 'admin' generated a report of all expenses.
2025-12-01 17:19:05,616 INFO [main] c.r.d.GenerateReport [GenerateReport.java:32] - 'admin' generated a report of all approved expenses.
2025-12-01 17:19:18,467 INFO [main] c.r.d.GenerateReport [GenerateReport.java:36] - 'admin' generated a report of all denied expenses.
2025-12-01 17:19:22,940 INFO [main] c.r.d.GenerateReport [GenerateReport.java:40] - 'admin' generated a report of all pending expenses.
2025-12-01 17:19:36,638 INFO [main] c.r.d.GenerateReport [GenerateReport.java:46] - 'admin' generated a report of all expenses under the employee with ID '1'.
2025-12-01 17:20:37,496 INFO [main] c.r.d.GenerateReport [GenerateReport.java:52] - 'admin' generated a report of all expenses under the category 'Tech'.
2025-12-01 17:21:04,107 INFO [main] c.r.d.GenerateReport [GenerateReport.java:58] - 'admin' generated a report of all expenses under the date '2025-11-25'.
2025-12-01 17:21:33,792 INFO [main] c.r.d.GenerateReport [GenerateReport.java:58] - 'admin' generated a report of all expenses under the date '2025-11-26'.
2025-12-01 17:21:57,633 INFO [main] c.r.d.Main [Main.java:79] - Application quit.
2025-12-01 17:25:52,408 INFO [main] c.r.d.Login [Login.java:39] - 'admin' logged in.
2025-12-01 17:25:58,967 INFO [main] c.r.d.GenerateReport [GenerateReport.java:28] - 'admin' generated a report of all expenses.
2025-12-01 17:26:08,093 INFO [main] c.r.d.Main [Main.java:79] - Application quit.
2025-12-01 17:30:59,135 INFO [main] c.r.d.Login [Login.java:39] - 'admin' logged in.
2025-12-01 17:31:07,462 INFO [main] c.r.d.GenerateReport [GenerateReport.java:29] - 'admin' generated a report of all expenses.
2025-12-01 17:31:28,454 INFO [main] c.r.d.Main [Main.java:79] - Application quit.
2025-12-01 17:33:08,345 INFO [main] c.r.d.Login [Login.java:39] - 'admin' logged in.
2025-12-01 17:33:21,993 INFO [main] c.r.d.GenerateReport [GenerateReport.java:29] - 'admin' generated a report of all expenses.
2025-12-01 17:34:56,059 INFO [main] c.r.d.Main [Main.java:79] - Application quit.
2025-12-01 17:37:44,351 INFO [main] c.r.d.Login [Login.java:39] - 'admin' logged in.
2025-12-01 17:37:49,446 INFO [main] c.r.d.GenerateReport [GenerateReport.java:29] - 'admin' generated a report of all expenses.
2025-12-01 17:38:51,774 INFO [main] c.r.d.Main [Main.java:79] - Application quit.
2025-12-01 17:39:24,012 INFO [main] c.r.d.Login [Login.java:39] - 'admin' logged in.
2025-12-01 17:40:12,023 INFO [main] c.r.d.GenerateReport [GenerateReport.java:29] - 'admin' generated a report of all expenses.
2025-12-01 17:41:37,143 INFO [main] c.r.d.Login [Login.java:39] - 'admin' logged in.
2025-12-01 17:41:43,716 INFO [main] c.r.d.GenerateReport [GenerateReport.java:29] - 'admin' generated a report of all expenses.
2025-12-01 17:41:58,053 INFO [main] c.r.d.Main [Main.java:79] - Application quit.
2025-12-01 17:43:24,738 INFO [main] c.r.d.Login [Login.java:39] - 'admin' logged in.
2025-12-01 17:43:30,064 INFO [main] c.r.d.GenerateReport [GenerateReport.java:29] - 'admin' generated a report of all expenses.
2025-12-01 17:43:58,640 INFO [main] c.r.d.Main [Main.java:79] - Application quit.
2025-12-01 17:47:21,231 INFO [main] c.r.d.Login [Login.java:39] - 'admin' logged in.
2025-12-01 17:47:26,093 INFO [main] c.r.d.Main [Main.java:91] - 'admin' viewed all pending expenses.
2025-12-01 17:47:42,661 INFO [main] c.r.d.GenerateReport [GenerateReport.java:41] - 'admin' generated a report of all pending expenses.
2025-12-01 17:48:43,849 INFO [main] c.r.d.d.ManagerFuncJDBCImpl [ManagerFuncJDBCImpl.java:24] - 'admin' approved pending expense with ID '12'.
2025-12-01 17:49:09,565 INFO [main] c.r.d.GenerateReport [GenerateReport.java:53] - 'admin' generated a report of all expenses under the category 'Extras'.
2025-12-01 17:49:48,185 INFO [main] c.r.d.Main [Main.java:103] - Application quit.
2025-12-01 17:55:21,268 INFO [main] c.r.d.Login [Login.java:39] - 'admin' logged in.
2025-12-01 17:55:31,877 INFO [main] c.r.d.GenerateReport [GenerateReport.java:51] - 'admin' generated a report of an expense with the expense ID '12'.
2025-12-01 17:55:41,236 INFO [main] c.r.d.GenerateReport [GenerateReport.java:51] - 'admin' generated a report of an expense with the expense ID '50'.
2025-12-01 18:01:36,173 INFO [main] c.r.d.Login [Login.java:39] - 'admin' logged in.
2025-12-01 18:01:44,803 INFO [main] c.r.d.GenerateReport [GenerateReport.java:51] - 'admin' generated a report of an expense with the expense ID '40'.
2025-12-01 18:05:14,906 WARN [main] c.r.d.Login [Login.java:43] - Unsuccessful login attempt for account 'admin'.
2025-12-01 18:05:18,721 INFO [main] c.r.d.Login [Login.java:39] - 'admin' logged in.
2025-12-01 18:05:29,805 INFO [main] c.r.d.Main [Main.java:91] - 'admin' viewed all pending expenses.
2025-12-01 18:06:23,282 INFO [main] c.r.d.d.ManagerFuncJDBCImpl [ManagerFuncJDBCImpl.java:39] - 'admin' denied pending expense with ID '14'.
2025-12-01 18:06:44,133 INFO [main] c.r.d.GenerateReport [GenerateReport.java:28] - 'admin' generated a report of all expenses.
2025-12-01 18:07:15,846 INFO [main] c.r.d.GenerateReport [GenerateReport.java:32] - 'admin' generated a report of all approved expenses.
2025-12-01 18:07:34,920 INFO [main] c.r.d.GenerateReport [GenerateReport.java:36] - 'admin' generated a report of all denied expenses.
2025-12-01 18:07:40,337 INFO [main] c.r.d.GenerateReport [GenerateReport.java:40] - 'admin' generated a report of all pending expenses.
2025-12-01 18:07:52,520 INFO [main] c.r.d.GenerateReport [GenerateReport.java:46] - 'admin' generated a report of all expenses under the employee with ID '3'.
2025-12-01 18:08:05,988 INFO [main] c.r.d.GenerateReport [GenerateReport.java:46] - 'admin' generated a report of all expenses under the employee with ID '20'.
2025-12-01 18:08:20,290 INFO [main] c.r.d.GenerateReport [GenerateReport.java:52] - 'admin' generated a report of all expenses under the category 'blah'.
2025-12-01 18:08:36,360 INFO [main] c.r.d.GenerateReport [GenerateReport.java:52] - 'admin' generated a report of all expenses under the category 'Personal'.
2025-12-01 18:08:54,515 INFO [main] c.r.d.GenerateReport [GenerateReport.java:58] - 'admin' generated a report of all expenses under the date '2025-11-24'.
2025-12-01 18:09:07,879 INFO [main] c.r.d.GenerateReport [GenerateReport.java:58] - 'admin' generated a report of all expenses under the date '2025-11-23'.
2025-12-01 18:09:13,854 INFO [main] c.r.d.Main [Main.java:103] - Application quit.
2025-12-01 18:16:32,915 INFO [main] c.r.d.Login [Login.java:39] - 'admin' logged in.
2025-12-01 18:16:36,645 INFO [main] c.r.d.Main [Main.java:91] - 'admin' viewed all pending expenses.
2025-12-01 18:16:40,545 INFO [main] c.r.d.Main [Main.java:103] - Application quit.
2025-12-01 18:16:52,246 WARN [main] c.r.d.Login [Login.java:43] - Unsuccessful login attempt for account 'admin'.
2025-12-01 18:16:56,129 INFO [main] c.r.d.Login [Login.java:51] - Application quit.
2025-12-02 16:49:17,788 INFO [main] c.r.d.Login [Login.java:81] - Account created with username 'Parks4321'.
2025-12-02 16:49:32,884 INFO [main] c.r.d.Login [Login.java:39] - 'Parks4321' logged in.
2025-12-02 16:49:36,684 INFO [main] c.r.d.Main [Main.java:91] - 'Parks4321' viewed all pending expenses.
2025-12-02 16:50:27,530 INFO [main] c.r.d.d.ManagerFuncJDBCImpl [ManagerFuncJDBCImpl.java:24] - 'Parks4321' approved pending expense with ID '17'.
2025-12-02 16:50:48,384 INFO [main] c.r.d.Main [Main.java:91] - 'Parks4321' viewed all pending expenses.
2025-12-02 16:51:02,377 INFO [main] c.r.d.GenerateReport [GenerateReport.java:32] - 'Parks4321' generated a report of all approved expenses.
2025-12-02 16:51:21,663 INFO [main] c.r.d.Main [Main.java:103] - Application quit.
2025-12-02 16:59:08,448 INFO [main] c.r.d.Login [Login.java:81] - Account created with username 'ManagerEmma03'.
2025-12-02 16:59:31,985 INFO [main] c.r.d.Login [Login.java:39] - 'ManagerEmma03' logged in.
2025-12-02 16:59:44,363 INFO [main] c.r.d.Main [Main.java:91] - 'ManagerEmma03' viewed all pending expenses.
2025-12-02 17:00:21,593 INFO [main] c.r.d.d.ManagerFuncJDBCImpl [ManagerFuncJDBCImpl.java:24] - 'ManagerEmma03' approved pending expense with ID '19'.
2025-12-02 17:00:29,348 INFO [main] c.r.d.Main [Main.java:91] - 'ManagerEmma03' viewed all pending expenses.
2025-12-02 17:00:41,763 INFO [main] c.r.d.GenerateReport [GenerateReport.java:32] - 'ManagerEmma03' generated a report of all approved expenses.
2025-12-02 17:01:17,190 INFO [main] c.r.d.Main [Main.java:103] - Application quit.
2025-12-03 13:01:55,695 INFO [main] c.r.d.Login [Login.java:39] - 'admin' logged in.
2025-12-03 13:02:25,034 INFO [main] c.r.d.Login [Login.java:39] - 'admin' logged in.
2025-12-03 13:02:27,869 INFO [main] c.r.d.Main [Main.java:91] - 'admin' viewed all pending expenses.
2025-12-03 13:02:49,282 INFO [main] c.r.d.Main [Main.java:103] - Application quit.
2025-12-03 23:15:54,203 INFO [main] c.r.d.Login [Login.java:39] - 'admin' logged in.
2025-12-03 23:16:02,199 INFO [main] c.r.d.GenerateReport [GenerateReport.java:28] - 'admin' generated a report of all expenses.
2025-12-04 13:02:01,783 INFO [main] c.r.d.Login [Login.java:81] - Account created with username 'demoManager'.
2025-12-04 13:02:13,610 INFO [main] c.r.d.Login [Login.java:39] - 'demoManager' logged in.
2025-12-04 13:02:36,680 INFO [main] c.r.d.Main [Main.java:91] - 'demoManager' viewed all pending expenses.
2025-12-04 13:03:22,479 INFO [main] c.r.d.d.ManagerFuncJDBCImpl [ManagerFuncJDBCImpl.java:24] - 'demoManager' approved pending expense with ID '20'.
2025-12-04 13:03:39,528 INFO [main] c.r.d.GenerateReport [GenerateReport.java:28] - 'demoManager' generated a report of all expenses.
2025-12-04 13:03:52,590 INFO [main] c.r.d.Main [Main.java:103] - Application quit.
2025-12-04 13:30:04,516 INFO [main] c.r.d.Login [Login.java:81] - Account created with username 'DemoManager1'.
2025-12-04 13:30:18,646 INFO [main] c.r.d.Login [Login.java:39] - 'DemoManager1' logged in.
2025-12-04 13:30:46,410 INFO [main] c.r.d.Main [Main.java:91] - 'DemoManager1' viewed all pending expenses.
2025-12-04 13:31:34,973 INFO [main] c.r.d.d.ManagerFuncJDBCImpl [ManagerFuncJDBCImpl.java:24] - 'DemoManager1' approved pending expense with ID '21'.
2025-12-04 13:31:39,306 INFO [main] c.r.d.Main [Main.java:91] - 'DemoManager1' viewed all pending expenses.
2025-12-04 13:32:24,870 INFO [main] c.r.d.GenerateReport [GenerateReport.java:28] - 'DemoManager1' generated a report of all expenses.
2025-12-04 13:32:36,184 INFO [main] c.r.d.GenerateReport [GenerateReport.java:32] - 'DemoManager1' generated a report of all approved expenses.
2025-12-04 13:32:45,655 INFO [main] c.r.d.GenerateReport [GenerateReport.java:36] - 'DemoManager1' generated a report of all denied expenses.
2025-12-04 13:32:50,811 INFO [main] c.r.d.GenerateReport [GenerateReport.java:40] - 'DemoManager1' generated a report of all pending expenses.
2025-12-04 13:33:08,765 INFO [main] c.r.d.GenerateReport [GenerateReport.java:46] - 'DemoManager1' generated a report of all expenses under the employee with ID '9'.
2025-12-04 13:33:22,720 INFO [main] c.r.d.GenerateReport [GenerateReport.java:52] - 'DemoManager1' generated a report of all expenses under the category 'Demo'.
2025-12-04 13:33:32,183 INFO [main] c.r.d.GenerateReport [GenerateReport.java:52] - 'DemoManager1' generated a report of all expenses under the category 'Test'.
2025-12-04 13:33:59,506 INFO [main] c.r.d.GenerateReport [GenerateReport.java:58] - 'DemoManager1' generated a report of all expenses under the date '2025-12-04'.
2025-12-04 13:34:25,537 INFO [main] c.r.d.Main [Main.java:103] - Application quit.
2025-12-04 13:35:56,409 INFO [main] c.r.d.Login [Login.java:39] - 'DemoManager1' logged in.
2025-12-04 13:36:09,197 INFO [main] c.r.d.GenerateReport [GenerateReport.java:58] - 'DemoManager1' generated a report of all expenses under the date '2025-12-05'.
