2025-12-17 10:38:50,319 INFO o.a.j.u.JMeterUtils: Setting Locale to en_EN
2025-12-17 10:38:50,341 INFO o.a.j.JMeter: Loading user properties from: C:\Users\perry\apache-jmeter-5.6.3\bin\user.properties
2025-12-17 10:38:50,341 INFO o.a.j.JMeter: Loading system properties from: C:\Users\perry\apache-jmeter-5.6.3\bin\system.properties
2025-12-17 10:38:50,351 INFO o.a.j.JMeter: Copyright (c) 1998-2024 The Apache Software Foundation
2025-12-17 10:38:50,351 INFO o.a.j.JMeter: Version 5.6.3
2025-12-17 10:38:50,351 INFO o.a.j.JMeter: java.version=25.0.1
2025-12-17 10:38:50,351 INFO o.a.j.JMeter: java.vm.name=Java HotSpot(TM) 64-Bit Server VM
2025-12-17 10:38:50,351 INFO o.a.j.JMeter: os.name=Windows 11
2025-12-17 10:38:50,351 INFO o.a.j.JMeter: os.arch=amd64
2025-12-17 10:38:50,359 INFO o.a.j.JMeter: os.version=10.0
2025-12-17 10:38:50,359 INFO o.a.j.JMeter: file.encoding=UTF-8
2025-12-17 10:38:50,359 INFO o.a.j.JMeter: java.awt.headless=true
2025-12-17 10:38:50,359 INFO o.a.j.JMeter: Max memory     =1073741824
2025-12-17 10:38:50,359 INFO o.a.j.JMeter: Available Processors =8
2025-12-17 10:38:50,376 INFO o.a.j.JMeter: Default Locale=English (EN)
2025-12-17 10:38:50,377 INFO o.a.j.JMeter: JMeter  Locale=English (EN)
2025-12-17 10:38:50,377 INFO o.a.j.JMeter: JMeterHome=C:\Users\perry\apache-jmeter-5.6.3
2025-12-17 10:38:50,377 INFO o.a.j.JMeter: user.dir  =C:\Users\perry\Revature\IdeaProjects\RevatureTraining\Week7
2025-12-17 10:38:50,378 INFO o.a.j.JMeter: PWD       =C:\Users\perry\Revature\IdeaProjects\RevatureTraining\Week7
2025-12-17 10:38:50,428 INFO o.a.j.JMeter: IP: 10.213.56.191 Name: PJ-Laptop FullName: 10.213.56.191
2025-12-17 10:38:50,449 INFO o.a.j.s.FileServer: Default base='C:\Users\perry\Revature\IdeaProjects\RevatureTraining\Week7'
2025-12-17 10:38:50,450 INFO o.a.j.s.FileServer: Set new base='C:\Users\perry\Revature\IdeaProjects\RevatureTraining\Week7'
2025-12-17 10:38:50,765 INFO o.a.j.s.SaveService: Testplan (JMX) version: 2.2. Testlog (JTL) version: 2.2
2025-12-17 10:38:50,790 INFO o.a.j.s.SaveService: Using SaveService properties version 5.0
2025-12-17 10:38:50,794 INFO o.a.j.s.SaveService: Using SaveService properties file encoding UTF-8
2025-12-17 10:38:50,799 INFO o.a.j.s.SaveService: Loading file: First_Demo_TP.jmx
2025-12-17 10:38:50,810 ERROR o.a.j.JMeter: Error in NonGUIDriver
com.thoughtworks.xstream.io.StreamException: 
	at com.thoughtworks.xstream.io.xml.XppReader.pullNextEvent(XppReader.java:124) ~[xstream-1.4.20.jar:1.4.20]
	at com.thoughtworks.xstream.io.xml.AbstractPullReader.readRealEvent(AbstractPullReader.java:148) ~[xstream-1.4.20.jar:1.4.20]
	at com.thoughtworks.xstream.io.xml.AbstractPullReader.readEvent(AbstractPullReader.java:141) ~[xstream-1.4.20.jar:1.4.20]
	at com.thoughtworks.xstream.io.xml.AbstractPullReader.move(AbstractPullReader.java:118) ~[xstream-1.4.20.jar:1.4.20]
	at com.thoughtworks.xstream.io.xml.AbstractPullReader.moveDown(AbstractPullReader.java:103) ~[xstream-1.4.20.jar:1.4.20]
	at com.thoughtworks.xstream.io.xml.XppReader.<init>(XppReader.java:63) ~[xstream-1.4.20.jar:1.4.20]
	at com.thoughtworks.xstream.io.xml.AbstractXppDriver.createReader(AbstractXppDriver.java:54) ~[xstream-1.4.20.jar:1.4.20]
	at com.thoughtworks.xstream.XStream.fromXML(XStream.java:1321) ~[xstream-1.4.20.jar:1.4.20]
	at org.apache.jmeter.save.SaveService.readTree(SaveService.java:446) ~[ApacheJMeter_core.jar:5.6.3]
	at org.apache.jmeter.save.SaveService.loadTree(SaveService.java:429) ~[ApacheJMeter_core.jar:5.6.3]
	at org.apache.jmeter.JMeter.runNonGui(JMeter.java:954) [ApacheJMeter_core.jar:5.6.3]
	at org.apache.jmeter.JMeter.startNonGui(JMeter.java:940) [ApacheJMeter_core.jar:5.6.3]
	at org.apache.jmeter.JMeter.start(JMeter.java:508) [ApacheJMeter_core.jar:5.6.3]
	at java.base/jdk.internal.reflect.DirectMethodHandleAccessor.invoke(DirectMethodHandleAccessor.java:104) ~[?:?]
	at java.base/java.lang.reflect.Method.invoke(Method.java:565) ~[?:?]
	at org.apache.jmeter.NewDriver.main(NewDriver.java:259) [ApacheJMeter.jar:5.6.3]
Caused by: org.xmlpull.v1.XmlPullParserException: only whitespace content allowed before start tag and not t (position: START_DOCUMENT seen t... @1:2) 
	at io.github.xstream.mxparser.MXParser.parseProlog(MXParser.java:1528) ~[mxparser-1.2.2.jar:1.2.2]
	at io.github.xstream.mxparser.MXParser.nextImpl(MXParser.java:1406) ~[mxparser-1.2.2.jar:1.2.2]
	at io.github.xstream.mxparser.MXParser.next(MXParser.java:1104) ~[mxparser-1.2.2.jar:1.2.2]
	at com.thoughtworks.xstream.io.xml.XppReader.pullNextEvent(XppReader.java:109) ~[xstream-1.4.20.jar:1.4.20]
	... 15 more
2025-12-17 10:38:50,817 ERROR o.a.j.JMeter: An error occurred: 
org.apache.jmeter.report.config.ConfigurationException: Error in NonGUIDriver 
	at org.apache.jmeter.JMeter.runNonGui(JMeter.java:1049) ~[ApacheJMeter_core.jar:5.6.3]
	at org.apache.jmeter.JMeter.startNonGui(JMeter.java:940) ~[ApacheJMeter_core.jar:5.6.3]
	at org.apache.jmeter.JMeter.start(JMeter.java:508) [ApacheJMeter_core.jar:5.6.3]
	at java.base/jdk.internal.reflect.DirectMethodHandleAccessor.invoke(DirectMethodHandleAccessor.java:104) ~[?:?]
	at java.base/java.lang.reflect.Method.invoke(Method.java:565) ~[?:?]
	at org.apache.jmeter.NewDriver.main(NewDriver.java:259) [ApacheJMeter.jar:5.6.3]
Caused by: com.thoughtworks.xstream.io.StreamException: 
	at com.thoughtworks.xstream.io.xml.XppReader.pullNextEvent(XppReader.java:124) ~[xstream-1.4.20.jar:1.4.20]
	at com.thoughtworks.xstream.io.xml.AbstractPullReader.readRealEvent(AbstractPullReader.java:148) ~[xstream-1.4.20.jar:1.4.20]
	at com.thoughtworks.xstream.io.xml.AbstractPullReader.readEvent(AbstractPullReader.java:141) ~[xstream-1.4.20.jar:1.4.20]
	at com.thoughtworks.xstream.io.xml.AbstractPullReader.move(AbstractPullReader.java:118) ~[xstream-1.4.20.jar:1.4.20]
	at com.thoughtworks.xstream.io.xml.AbstractPullReader.moveDown(AbstractPullReader.java:103) ~[xstream-1.4.20.jar:1.4.20]
	at com.thoughtworks.xstream.io.xml.XppReader.<init>(XppReader.java:63) ~[xstream-1.4.20.jar:1.4.20]
	at com.thoughtworks.xstream.io.xml.AbstractXppDriver.createReader(AbstractXppDriver.java:54) ~[xstream-1.4.20.jar:1.4.20]
	at com.thoughtworks.xstream.XStream.fromXML(XStream.java:1321) ~[xstream-1.4.20.jar:1.4.20]
	at org.apache.jmeter.save.SaveService.readTree(SaveService.java:446) ~[ApacheJMeter_core.jar:5.6.3]
	at org.apache.jmeter.save.SaveService.loadTree(SaveService.java:429) ~[ApacheJMeter_core.jar:5.6.3]
	at org.apache.jmeter.JMeter.runNonGui(JMeter.java:954) ~[ApacheJMeter_core.jar:5.6.3]
	... 5 more
Caused by: org.xmlpull.v1.XmlPullParserException: only whitespace content allowed before start tag and not t (position: START_DOCUMENT seen t... @1:2) 
	at io.github.xstream.mxparser.MXParser.parseProlog(MXParser.java:1528) ~[mxparser-1.2.2.jar:1.2.2]
	at io.github.xstream.mxparser.MXParser.nextImpl(MXParser.java:1406) ~[mxparser-1.2.2.jar:1.2.2]
	at io.github.xstream.mxparser.MXParser.next(MXParser.java:1104) ~[mxparser-1.2.2.jar:1.2.2]
	at com.thoughtworks.xstream.io.xml.XppReader.pullNextEvent(XppReader.java:109) ~[xstream-1.4.20.jar:1.4.20]
	at com.thoughtworks.xstream.io.xml.AbstractPullReader.readRealEvent(AbstractPullReader.java:148) ~[xstream-1.4.20.jar:1.4.20]
	at com.thoughtworks.xstream.io.xml.AbstractPullReader.readEvent(AbstractPullReader.java:141) ~[xstream-1.4.20.jar:1.4.20]
	at com.thoughtworks.xstream.io.xml.AbstractPullReader.move(AbstractPullReader.java:118) ~[xstream-1.4.20.jar:1.4.20]
	at com.thoughtworks.xstream.io.xml.AbstractPullReader.moveDown(AbstractPullReader.java:103) ~[xstream-1.4.20.jar:1.4.20]
	at com.thoughtworks.xstream.io.xml.XppReader.<init>(XppReader.java:63) ~[xstream-1.4.20.jar:1.4.20]
	at com.thoughtworks.xstream.io.xml.AbstractXppDriver.createReader(AbstractXppDriver.java:54) ~[xstream-1.4.20.jar:1.4.20]
	at com.thoughtworks.xstream.XStream.fromXML(XStream.java:1321) ~[xstream-1.4.20.jar:1.4.20]
	at org.apache.jmeter.save.SaveService.readTree(SaveService.java:446) ~[ApacheJMeter_core.jar:5.6.3]
	at org.apache.jmeter.save.SaveService.loadTree(SaveService.java:429) ~[ApacheJMeter_core.jar:5.6.3]
	at org.apache.jmeter.JMeter.runNonGui(JMeter.java:954) ~[ApacheJMeter_core.jar:5.6.3]
	... 5 more
